src/navigation/AppNavigator.tsx(27,3): error TS2305: Module '"../app-types"' has no exported member 'plusress'.
src/navigation/AppNavigator.tsx(122,5): error TS2820: Type '"car-sport-outline"' is not assignable to type '"symbol" | "function" | "email" | "card" | "cash" | "sort" | "map" | "filter" | "at" | "label" | "numeric" | "timeline" | "message" | "note" | "repeat" | "anchor" | "link" | "details" | ... 7429 more ... | "blank"'. Did you mean '"cart-outline"'?
src/navigation/AppNavigator.tsx(128,5): error TS2820: Type '"snow-outline"' is not assignable to type '"symbol" | "function" | "email" | "card" | "cash" | "sort" | "map" | "filter" | "at" | "label" | "numeric" | "timeline" | "message" | "note" | "repeat" | "anchor" | "link" | "details" | ... 7429 more ... | "blank"'. Did you mean '"send-outline"'?
src/navigation/AppNavigator.tsx(166,5): error TS2339: Property 'plusresses' does not exist on type 'AppContextValue'.
src/navigation/AppNavigator.tsx(198,5): error TS2339: Property 'saveplusress' does not exist on type 'AppContextValue'.
src/navigation/AppNavigator.tsx(1170,26): error TS2345: Argument of type '{ itemId: string; companyId: string; slotId: string; scheduleDate: string; scheduleTime: string; plusressId: any; notes: string; paymentMethod: PaymentMethod; }' is not assignable to parameter of type 'BookingDraft'.
  Property 'addressId' is missing in type '{ itemId: string; companyId: string; slotId: string; scheduleDate: string; scheduleTime: string; plusressId: any; notes: string; paymentMethod: PaymentMethod; }' but required in type 'BookingDraft'.
src/navigation/AppNavigator.tsx(1226,45): error TS2322: Type '"location-sharp"' is not assignable to type '"symbol" | "function" | "email" | "card" | "cash" | "sort" | "map" | "filter" | "at" | "label" | "numeric" | "timeline" | "message" | "note" | "repeat" | "anchor" | "link" | "details" | ... 7430 more ... | undefined'.
src/navigation/AppNavigator.tsx(1261,50): error TS2769: No overload matches this call.
  Overload 1 of 2, '(props: ImageProps): Image', gave the following error.
    Type 'ViewStyle | TextStyle | ImageStyle' is not assignable to type 'StyleProp<ImageStyle>'.
      Type 'ViewStyle' is not assignable to type 'StyleProp<ImageStyle>'.
        Type 'ViewStyle' is not assignable to type 'ImageStyle'.
          Types of property 'overflow' are incompatible.
            Type '"visible" | "hidden" | "scroll" | undefined' is not assignable to type '"visible" | "hidden" | undefined'.
              Type '"scroll"' is not assignable to type '"visible" | "hidden" | undefined'.
  Overload 2 of 2, '(props: ImageProps, context: any): Image', gave the following error.
    Type 'ViewStyle | TextStyle | ImageStyle' is not assignable to type 'StyleProp<ImageStyle>'.
      Type 'ViewStyle' is not assignable to type 'StyleProp<ImageStyle>'.
        Type 'ViewStyle' is not assignable to type 'ImageStyle'.
          Types of property 'overflow' are incompatible.
            Type '"visible" | "hidden" | "scroll" | undefined' is not assignable to type '"visible" | "hidden" | undefined'.
              Type '"scroll"' is not assignable to type '"visible" | "hidden" | undefined'.
src/navigation/AppNavigator.tsx(1934,65): error TS2769: No overload matches this call.
  Overload 1 of 2, '(props: ImageProps): Image', gave the following error.
    Type 'ViewStyle | TextStyle | ImageStyle' is not assignable to type 'StyleProp<ImageStyle>'.
      Type 'ViewStyle' is not assignable to type 'StyleProp<ImageStyle>'.
        Type 'ViewStyle' is not assignable to type 'ImageStyle'.
          Types of property 'overflow' are incompatible.
            Type '"visible" | "hidden" | "scroll" | undefined' is not assignable to type '"visible" | "hidden" | undefined'.
              Type '"scroll"' is not assignable to type '"visible" | "hidden" | undefined'.
  Overload 2 of 2, '(props: ImageProps, context: any): Image', gave the following error.
    Type 'ViewStyle | TextStyle | ImageStyle' is not assignable to type 'StyleProp<ImageStyle>'.
      Type 'ViewStyle' is not assignable to type 'StyleProp<ImageStyle>'.
        Type 'ViewStyle' is not assignable to type 'ImageStyle'.
          Types of property 'overflow' are incompatible.
            Type '"visible" | "hidden" | "scroll" | undefined' is not assignable to type '"visible" | "hidden" | undefined'.
              Type '"scroll"' is not assignable to type '"visible" | "hidden" | undefined'.
src/navigation/AppNavigator.tsx(2776,67): error TS2769: No overload matches this call.
  Overload 1 of 2, '(props: ImageProps): Image', gave the following error.
    Type 'ViewStyle | TextStyle | ImageStyle' is not assignable to type 'StyleProp<ImageStyle>'.
      Type 'ViewStyle' is not assignable to type 'StyleProp<ImageStyle>'.
        Type 'ViewStyle' is not assignable to type 'ImageStyle'.
          Types of property 'overflow' are incompatible.
            Type '"visible" | "hidden" | "scroll" | undefined' is not assignable to type '"visible" | "hidden" | undefined'.
              Type '"scroll"' is not assignable to type '"visible" | "hidden" | undefined'.
  Overload 2 of 2, '(props: ImageProps, context: any): Image', gave the following error.
    Type 'ViewStyle | TextStyle | ImageStyle' is not assignable to type 'StyleProp<ImageStyle>'.
      Type 'ViewStyle' is not assignable to type 'StyleProp<ImageStyle>'.
        Type 'ViewStyle' is not assignable to type 'ImageStyle'.
          Types of property 'overflow' are incompatible.
            Type '"visible" | "hidden" | "scroll" | undefined' is not assignable to type '"visible" | "hidden" | undefined'.
              Type '"scroll"' is not assignable to type '"visible" | "hidden" | undefined'.
src/navigation/AppNavigator.tsx(2888,65): error TS2769: No overload matches this call.
  Overload 1 of 2, '(props: ImageProps): Image', gave the following error.
    Type 'ViewStyle | TextStyle | ImageStyle' is not assignable to type 'StyleProp<ImageStyle>'.
      Type 'ViewStyle' is not assignable to type 'StyleProp<ImageStyle>'.
        Type 'ViewStyle' is not assignable to type 'ImageStyle'.
          Types of property 'overflow' are incompatible.
            Type '"visible" | "hidden" | "scroll" | undefined' is not assignable to type '"visible" | "hidden" | undefined'.
              Type '"scroll"' is not assignable to type '"visible" | "hidden" | undefined'.
  Overload 2 of 2, '(props: ImageProps, context: any): Image', gave the following error.
    Type 'ViewStyle | TextStyle | ImageStyle' is not assignable to type 'StyleProp<ImageStyle>'.
      Type 'ViewStyle' is not assignable to type 'StyleProp<ImageStyle>'.
        Type 'ViewStyle' is not assignable to type 'ImageStyle'.
          Types of property 'overflow' are incompatible.
            Type '"visible" | "hidden" | "scroll" | undefined' is not assignable to type '"visible" | "hidden" | undefined'.
              Type '"scroll"' is not assignable to type '"visible" | "hidden" | undefined'.
src/navigation/AppNavigator.tsx(3680,47): error TS2322: Type '"arrow-forward"' is not assignable to type '"symbol" | "function" | "email" | "card" | "cash" | "sort" | "map" | "filter" | "at" | "label" | "numeric" | "timeline" | "message" | "note" | "repeat" | "anchor" | "link" | "details" | ... 7430 more ... | undefined'.
src/navigation/AppNavigator.tsx(3692,47): error TS2820: Type '"snow-outline"' is not assignable to type '"symbol" | "function" | "email" | "card" | "cash" | "sort" | "map" | "filter" | "at" | "label" | "numeric" | "timeline" | "message" | "note" | "repeat" | "anchor" | "link" | "details" | ... 7430 more ... | undefined'. Did you mean '"send-outline"'?
src/navigation/AppNavigator.tsx(3695,47): error TS2820: Type '"car-sport-outline"' is not assignable to type '"symbol" | "function" | "email" | "card" | "cash" | "sort" | "map" | "filter" | "at" | "label" | "numeric" | "timeline" | "message" | "note" | "repeat" | "anchor" | "link" | "details" | ... 7430 more ... | undefined'. Did you mean '"cart-outline"'?
src/navigation/AppNavigator.tsx(3698,47): error TS2820: Type '"sparkles-outline"' is not assignable to type '"symbol" | "function" | "email" | "card" | "cash" | "sort" | "map" | "filter" | "at" | "label" | "numeric" | "timeline" | "message" | "note" | "repeat" | "anchor" | "link" | "details" | ... 7430 more ... | undefined'. Did you mean '"sale-outline"'?
src/navigation/AppNavigator.tsx(3943,43): error TS2322: Type '"arrow-forward"' is not assignable to type '"symbol" | "function" | "email" | "card" | "cash" | "sort" | "map" | "filter" | "at" | "label" | "numeric" | "timeline" | "message" | "note" | "repeat" | "anchor" | "link" | "details" | ... 7430 more ... | undefined'.
src/navigation/AppNavigator.tsx(4008,43): error TS2322: Type '"phone-portrait"' is not assignable to type '"symbol" | "function" | "email" | "card" | "cash" | "sort" | "map" | "filter" | "at" | "label" | "numeric" | "timeline" | "message" | "note" | "repeat" | "anchor" | "link" | "details" | ... 7430 more ... | undefined'.
src/navigation/AppNavigator.tsx(4062,43): error TS2322: Type '"arrow-forward"' is not assignable to type '"symbol" | "function" | "email" | "card" | "cash" | "sort" | "map" | "filter" | "at" | "label" | "numeric" | "timeline" | "message" | "note" | "repeat" | "anchor" | "link" | "details" | ... 7430 more ... | undefined'.
src/navigation/AppNavigator.tsx(4070,43): error TS2820: Type '"albums-outline"' is not assignable to type '"symbol" | "function" | "email" | "card" | "cash" | "sort" | "map" | "filter" | "at" | "label" | "numeric" | "timeline" | "message" | "note" | "repeat" | "anchor" | "link" | "details" | ... 7430 more ... | undefined'. Did you mean '"plus-outline"'?
src/navigation/AppNavigator.tsx(4077,43): error TS2820: Type '"sparkles-outline"' is not assignable to type '"symbol" | "function" | "email" | "card" | "cash" | "sort" | "map" | "filter" | "at" | "label" | "numeric" | "timeline" | "message" | "note" | "repeat" | "anchor" | "link" | "details" | ... 7430 more ... | undefined'. Did you mean '"sale-outline"'?
src/navigation/AppNavigator.tsx(4093,67): error TS2769: No overload matches this call.
  Overload 1 of 2, '(props: ImageProps): Image', gave the following error.
    Type 'ViewStyle | TextStyle | ImageStyle' is not assignable to type 'StyleProp<ImageStyle>'.
      Type 'ViewStyle' is not assignable to type 'StyleProp<ImageStyle>'.
        Type 'ViewStyle' is not assignable to type 'ImageStyle'.
          Types of property 'overflow' are incompatible.
            Type '"visible" | "hidden" | "scroll" | undefined' is not assignable to type '"visible" | "hidden" | undefined'.
              Type '"scroll"' is not assignable to type '"visible" | "hidden" | undefined'.
  Overload 2 of 2, '(props: ImageProps, context: any): Image', gave the following error.
    Type 'ViewStyle | TextStyle | ImageStyle' is not assignable to type 'StyleProp<ImageStyle>'.
      Type 'ViewStyle' is not assignable to type 'StyleProp<ImageStyle>'.
        Type 'ViewStyle' is not assignable to type 'ImageStyle'.
          Types of property 'overflow' are incompatible.
            Type '"visible" | "hidden" | "scroll" | undefined' is not assignable to type '"visible" | "hidden" | undefined'.
              Type '"scroll"' is not assignable to type '"visible" | "hidden" | undefined'.
src/navigation/AppNavigator.tsx(4579,118): error TS7006: Parameter 'current' implicitly has an 'any' type.
src/navigation/AppNavigator.tsx(4580,116): error TS7006: Parameter 'current' implicitly has an 'any' type.
src/navigation/AppNavigator.tsx(4583,120): error TS7006: Parameter 'current' implicitly has an 'any' type.
src/navigation/AppNavigator.tsx(4584,124): error TS7006: Parameter 'current' implicitly has an 'any' type.
src/navigation/AppNavigator.tsx(4587,122): error TS7006: Parameter 'current' implicitly has an 'any' type.
src/navigation/AppNavigator.tsx(4588,125): error TS7006: Parameter 'current' implicitly has an 'any' type.
src/navigation/AppNavigator.tsx(4612,68): error TS2820: Type '"home-cleaning-outline"' is not assignable to type '"symbol" | "function" | "email" | "card" | "cash" | "sort" | "map" | "filter" | "at" | "label" | "numeric" | "timeline" | "message" | "note" | "repeat" | "anchor" | "link" | "details" | ... 7429 more ... | "blank"'. Did you mean '"home-circle-outline"'?
src/navigation/AppNavigator.tsx(4617,68): error TS2322: Type '"water-tank"' is not assignable to type '"symbol" | "function" | "email" | "card" | "cash" | "sort" | "map" | "filter" | "at" | "label" | "numeric" | "timeline" | "message" | "note" | "repeat" | "anchor" | "link" | "details" | ... 7429 more ... | "blank"'.
src/navigation/AppNavigator.tsx(5266,60): error TS2322: Type 'ViewStyle | TextStyle | ImageStyle' is not assignable to type 'false | "" | Value | AnimatedInterpolation<string | number> | RegisteredStyle<ImageStyle> | WithAnimatedObject<ImageStyle> | WithAnimatedArray<...> | readonly (false | ... 6 more ... | undefined)[] | null | undefined'.
  Type 'ViewStyle' is not assignable to type 'false | "" | Value | AnimatedInterpolation<string | number> | RegisteredStyle<ImageStyle> | WithAnimatedObject<ImageStyle> | WithAnimatedArray<...> | readonly (false | ... 6 more ... | undefined)[] | null | undefined'.
    Type 'ViewStyle' is not assignable to type 'WithAnimatedObject<ImageStyle>'.
      Types of property 'overflow' are incompatible.
        Type '"visible" | "hidden" | "scroll" | undefined' is not assignable to type 'Value | "visible" | "hidden" | AnimatedInterpolation<string | number> | undefined'.
          Type '"scroll"' is not assignable to type 'Value | "visible" | "hidden" | AnimatedInterpolation<string | number> | undefined'.
src/navigation/AppNavigator.tsx(5307,67): error TS2769: No overload matches this call.
  Overload 1 of 2, '(props: ImageProps): Image', gave the following error.
    Type 'ViewStyle | TextStyle | ImageStyle' is not assignable to type 'StyleProp<ImageStyle>'.
      Type 'ViewStyle' is not assignable to type 'StyleProp<ImageStyle>'.
        Type 'ViewStyle' is not assignable to type 'ImageStyle'.
          Types of property 'overflow' are incompatible.
            Type '"visible" | "hidden" | "scroll" | undefined' is not assignable to type '"visible" | "hidden" | undefined'.
              Type '"scroll"' is not assignable to type '"visible" | "hidden" | undefined'.
  Overload 2 of 2, '(props: ImageProps, context: any): Image', gave the following error.
    Type 'ViewStyle | TextStyle | ImageStyle' is not assignable to type 'StyleProp<ImageStyle>'.
      Type 'ViewStyle' is not assignable to type 'StyleProp<ImageStyle>'.
        Type 'ViewStyle' is not assignable to type 'ImageStyle'.
          Types of property 'overflow' are incompatible.
            Type '"visible" | "hidden" | "scroll" | undefined' is not assignable to type '"visible" | "hidden" | undefined'.
              Type '"scroll"' is not assignable to type '"visible" | "hidden" | undefined'.
src/navigation/AppNavigator.tsx(5311,35): error TS2820: Type '"time-outline"' is not assignable to type '"symbol" | "function" | "email" | "card" | "cash" | "sort" | "map" | "filter" | "at" | "label" | "numeric" | "timeline" | "message" | "note" | "repeat" | "anchor" | "link" | "details" | ... 7430 more ... | undefined'. Did you mean '"timer-outline"'?
src/navigation/AppNavigator.tsx(5315,35): error TS2322: Type '"business-outline"' is not assignable to type '"symbol" | "function" | "email" | "card" | "cash" | "sort" | "map" | "filter" | "at" | "label" | "numeric" | "timeline" | "message" | "note" | "repeat" | "anchor" | "link" | "details" | ... 7430 more ... | undefined'.
src/navigation/AppNavigator.tsx(5346,33): error TS2820: Type '"chevron-down-outline"' is not assignable to type '"symbol" | "function" | "email" | "card" | "cash" | "sort" | "map" | "filter" | "at" | "label" | "numeric" | "timeline" | "message" | "note" | "repeat" | "anchor" | "link" | "details" | ... 7430 more ... | undefined'. Did you mean '"chevron-down-box-outline"'?
src/navigation/AppNavigator.tsx(5366,63): error TS2820: Type '"checkmark-outline"' is not assignable to type '"symbol" | "function" | "email" | "card" | "cash" | "sort" | "map" | "filter" | "at" | "label" | "numeric" | "timeline" | "message" | "note" | "repeat" | "anchor" | "link" | "details" | ... 7430 more ... | undefined'. Did you mean '"check-outline"'?
src/navigation/AppNavigator.tsx(5753,33): error TS2322: Type '"arrow-forward"' is not assignable to type '"symbol" | "function" | "email" | "card" | "cash" | "sort" | "map" | "filter" | "at" | "label" | "numeric" | "timeline" | "message" | "note" | "repeat" | "anchor" | "link" | "details" | ... 7430 more ... | undefined'.
src/navigation/AppNavigator.tsx(5831,37): error TS2322: Type '"close" | "checkmark"' is not assignable to type '"symbol" | "function" | "email" | "card" | "cash" | "sort" | "map" | "filter" | "at" | "label" | "numeric" | "timeline" | "message" | "note" | "repeat" | "anchor" | "link" | "details" | ... 7430 more ... | undefined'.
  Type '"checkmark"' is not assignable to type '"symbol" | "function" | "email" | "card" | "cash" | "sort" | "map" | "filter" | "at" | "label" | "numeric" | "timeline" | "message" | "note" | "repeat" | "anchor" | "link" | "details" | ... 7430 more ... | undefined'.
src/navigation/AppNavigator.tsx(5877,93): error TS2769: No overload matches this call.
  Overload 1 of 2, '(props: ImageProps): Image', gave the following error.
    Type 'ViewStyle | TextStyle | ImageStyle' is not assignable to type 'StyleProp<ImageStyle>'.
      Type 'ViewStyle' is not assignable to type 'StyleProp<ImageStyle>'.
        Type 'ViewStyle' is not assignable to type 'ImageStyle'.
          Types of property 'overflow' are incompatible.
            Type '"visible" | "hidden" | "scroll" | undefined' is not assignable to type '"visible" | "hidden" | undefined'.
              Type '"scroll"' is not assignable to type '"visible" | "hidden" | undefined'.
  Overload 2 of 2, '(props: ImageProps, context: any): Image', gave the following error.
    Type 'ViewStyle | TextStyle | ImageStyle' is not assignable to type 'StyleProp<ImageStyle>'.
      Type 'ViewStyle' is not assignable to type 'StyleProp<ImageStyle>'.
        Type 'ViewStyle' is not assignable to type 'ImageStyle'.
          Types of property 'overflow' are incompatible.
            Type '"visible" | "hidden" | "scroll" | undefined' is not assignable to type '"visible" | "hidden" | undefined'.
              Type '"scroll"' is not assignable to type '"visible" | "hidden" | undefined'.
src/navigation/AppNavigator.tsx(6061,87): error TS2769: No overload matches this call.
  Overload 1 of 2, '(props: ImageProps): Image', gave the following error.
    Type 'ViewStyle | TextStyle | ImageStyle' is not assignable to type 'StyleProp<ImageStyle>'.
      Type 'ViewStyle' is not assignable to type 'StyleProp<ImageStyle>'.
        Type 'ViewStyle' is not assignable to type 'ImageStyle'.
          Types of property 'overflow' are incompatible.
            Type '"visible" | "hidden" | "scroll" | undefined' is not assignable to type '"visible" | "hidden" | undefined'.
              Type '"scroll"' is not assignable to type '"visible" | "hidden" | undefined'.
  Overload 2 of 2, '(props: ImageProps, context: any): Image', gave the following error.
    Type 'ViewStyle | TextStyle | ImageStyle' is not assignable to type 'StyleProp<ImageStyle>'.
      Type 'ViewStyle' is not assignable to type 'StyleProp<ImageStyle>'.
        Type 'ViewStyle' is not assignable to type 'ImageStyle'.
          Types of property 'overflow' are incompatible.
            Type '"visible" | "hidden" | "scroll" | undefined' is not assignable to type '"visible" | "hidden" | undefined'.
              Type '"scroll"' is not assignable to type '"visible" | "hidden" | undefined'.
src/navigation/AppNavigator.tsx(6086,39): error TS2820: Type '"location-outline"' is not assignable to type '"symbol" | "function" | "email" | "card" | "cash" | "sort" | "map" | "filter" | "at" | "label" | "numeric" | "timeline" | "message" | "note" | "repeat" | "anchor" | "link" | "details" | ... 7430 more ... | undefined'. Did you mean '"lotion-outline"'?
src/navigation/AppNavigator.tsx(6090,39): error TS2820: Type '"time-outline"' is not assignable to type '"symbol" | "function" | "email" | "card" | "cash" | "sort" | "map" | "filter" | "at" | "label" | "numeric" | "timeline" | "message" | "note" | "repeat" | "anchor" | "link" | "details" | ... 7430 more ... | undefined'. Did you mean '"timer-outline"'?
src/navigation/AppNavigator.tsx(6113,65): error TS2769: No overload matches this call.
  Overload 1 of 2, '(props: ImageProps): Image', gave the following error.
    Type 'ViewStyle | TextStyle | ImageStyle' is not assignable to type 'StyleProp<ImageStyle>'.
      Type 'ViewStyle' is not assignable to type 'StyleProp<ImageStyle>'.
        Type 'ViewStyle' is not assignable to type 'ImageStyle'.
          Types of property 'overflow' are incompatible.
            Type '"visible" | "hidden" | "scroll" | undefined' is not assignable to type '"visible" | "hidden" | undefined'.
              Type '"scroll"' is not assignable to type '"visible" | "hidden" | undefined'.
  Overload 2 of 2, '(props: ImageProps, context: any): Image', gave the following error.
    Type 'ViewStyle | TextStyle | ImageStyle' is not assignable to type 'StyleProp<ImageStyle>'.
      Type 'ViewStyle' is not assignable to type 'StyleProp<ImageStyle>'.
        Type 'ViewStyle' is not assignable to type 'ImageStyle'.
          Types of property 'overflow' are incompatible.
            Type '"visible" | "hidden" | "scroll" | undefined' is not assignable to type '"visible" | "hidden" | undefined'.
              Type '"scroll"' is not assignable to type '"visible" | "hidden" | undefined'.
src/navigation/AppNavigator.tsx(6288,54): error TS2769: No overload matches this call.
  Overload 1 of 2, '(props: ImageProps): Image', gave the following error.
    Type 'ViewStyle | TextStyle | ImageStyle' is not assignable to type 'StyleProp<ImageStyle>'.
      Type 'ViewStyle' is not assignable to type 'StyleProp<ImageStyle>'.
        Type 'ViewStyle' is not assignable to type 'ImageStyle'.
          Types of property 'overflow' are incompatible.
            Type '"visible" | "hidden" | "scroll" | undefined' is not assignable to type '"visible" | "hidden" | undefined'.
              Type '"scroll"' is not assignable to type '"visible" | "hidden" | undefined'.
  Overload 2 of 2, '(props: ImageProps, context: any): Image', gave the following error.
    Type 'ViewStyle | TextStyle | ImageStyle' is not assignable to type 'StyleProp<ImageStyle>'.
      Type 'ViewStyle' is not assignable to type 'StyleProp<ImageStyle>'.
        Type 'ViewStyle' is not assignable to type 'ImageStyle'.
          Types of property 'overflow' are incompatible.
            Type '"visible" | "hidden" | "scroll" | undefined' is not assignable to type '"visible" | "hidden" | undefined'.
              Type '"scroll"' is not assignable to type '"visible" | "hidden" | undefined'.
src/navigation/AppNavigator.tsx(6361,91): error TS2339: Property 'plusressLine' does not exist on type 'Booking'.
src/navigation/AppNavigator.tsx(6428,5): error TS2353: Object literal may only specify known properties, and 'pplusing' does not exist in type 'ViewStyle | TextStyle | ImageStyle'.
src/navigation/AppNavigator.tsx(6501,5): error TS2561: Object literal may only specify known properties, but 'pplusingHorizontal' does not exist in type 'ViewStyle | TextStyle | ImageStyle'. Did you mean to write 'paddingHorizontal'?
src/navigation/AppNavigator.tsx(6520,5): error TS2561: Object literal may only specify known properties, but 'pplusingHorizontal' does not exist in type 'ViewStyle | TextStyle | ImageStyle'. Did you mean to write 'paddingHorizontal'?
src/navigation/AppNavigator.tsx(6556,5): error TS2561: Object literal may only specify known properties, but 'pplusingHorizontal' does not exist in type 'ViewStyle | TextStyle | ImageStyle'. Did you mean to write 'paddingHorizontal'?
src/navigation/AppNavigator.tsx(6584,5): error TS2561: Object literal may only specify known properties, but 'pplusingHorizontal' does not exist in type 'ViewStyle | TextStyle | ImageStyle'. Did you mean to write 'paddingHorizontal'?
src/navigation/AppNavigator.tsx(6654,5): error TS2561: Object literal may only specify known properties, but 'pplusingHorizontal' does not exist in type 'ViewStyle | TextStyle | ImageStyle'. Did you mean to write 'paddingHorizontal'?
src/navigation/AppNavigator.tsx(6708,5): error TS2561: Object literal may only specify known properties, but 'pplusingHorizontal' does not exist in type 'ViewStyle | TextStyle | ImageStyle'. Did you mean to write 'paddingHorizontal'?
src/navigation/AppNavigator.tsx(6762,5): error TS2561: Object literal may only specify known properties, but 'pplusingHorizontal' does not exist in type 'ViewStyle | TextStyle | ImageStyle'. Did you mean to write 'paddingHorizontal'?
src/navigation/AppNavigator.tsx(6842,5): error TS2561: Object literal may only specify known properties, but 'pplusingHorizontal' does not exist in type 'ViewStyle | TextStyle | ImageStyle'. Did you mean to write 'paddingHorizontal'?
src/navigation/AppNavigator.tsx(6870,5): error TS2561: Object literal may only specify known properties, but 'pplusingHorizontal' does not exist in type 'ViewStyle | TextStyle | ImageStyle'. Did you mean to write 'paddingHorizontal'?
src/navigation/AppNavigator.tsx(6891,5): error TS2561: Object literal may only specify known properties, but 'pplusingHorizontal' does not exist in type 'ViewStyle | TextStyle | ImageStyle'. Did you mean to write 'paddingHorizontal'?
src/navigation/AppNavigator.tsx(6917,5): error TS2561: Object literal may only specify known properties, but 'pplusingHorizontal' does not exist in type 'ViewStyle | TextStyle | ImageStyle'. Did you mean to write 'paddingHorizontal'?
src/navigation/AppNavigator.tsx(6949,5): error TS2561: Object literal may only specify known properties, but 'pplusingHorizontal' does not exist in type 'ViewStyle | TextStyle | ImageStyle'. Did you mean to write 'paddingHorizontal'?
src/navigation/AppNavigator.tsx(6965,5): error TS2561: Object literal may only specify known properties, but 'pplusingHorizontal' does not exist in type 'ViewStyle | TextStyle | ImageStyle'. Did you mean to write 'paddingHorizontal'?
src/navigation/AppNavigator.tsx(6970,5): error TS2561: Object literal may only specify known properties, but 'pplusingHorizontal' does not exist in type 'ViewStyle | TextStyle | ImageStyle'. Did you mean to write 'paddingHorizontal'?
src/navigation/AppNavigator.tsx(6985,5): error TS2561: Object literal may only specify known properties, but 'pplusingHorizontal' does not exist in type 'ViewStyle | TextStyle | ImageStyle'. Did you mean to write 'paddingHorizontal'?
src/navigation/AppNavigator.tsx(7008,5): error TS2561: Object literal may only specify known properties, but 'pplusingHorizontal' does not exist in type 'ViewStyle | TextStyle | ImageStyle'. Did you mean to write 'paddingHorizontal'?
src/navigation/AppNavigator.tsx(7017,5): error TS2353: Object literal may only specify known properties, and 'pplusingVertical' does not exist in type 'ViewStyle | TextStyle | ImageStyle'.
src/navigation/AppNavigator.tsx(7021,5): error TS2353: Object literal may only specify known properties, and 'pplusingBottom' does not exist in type 'ViewStyle | TextStyle | ImageStyle'.
src/navigation/AppNavigator.tsx(7029,5): error TS2561: Object literal may only specify known properties, but 'pplusingHorizontal' does not exist in type 'ViewStyle | TextStyle | ImageStyle'. Did you mean to write 'paddingHorizontal'?
src/navigation/AppNavigator.tsx(7045,5): error TS2561: Object literal may only specify known properties, but 'pplusingHorizontal' does not exist in type 'ViewStyle | TextStyle | ImageStyle'. Did you mean to write 'paddingHorizontal'?
src/navigation/AppNavigator.tsx(7059,5): error TS2561: Object literal may only specify known properties, but 'pplusingHorizontal' does not exist in type 'ViewStyle | TextStyle | ImageStyle'. Did you mean to write 'paddingHorizontal'?
src/navigation/AppNavigator.tsx(7109,5): error TS2561: Object literal may only specify known properties, but 'pplusingHorizontal' does not exist in type 'ViewStyle | TextStyle | ImageStyle'. Did you mean to write 'paddingHorizontal'?
src/navigation/AppNavigator.tsx(7138,5): error TS2561: Object literal may only specify known properties, but 'pplusingHorizontal' does not exist in type 'ViewStyle | TextStyle | ImageStyle'. Did you mean to write 'paddingHorizontal'?
src/navigation/AppNavigator.tsx(7162,7): error TS2561: Object literal may only specify known properties, but 'pplusingHorizontal' does not exist in type 'ViewStyle | TextStyle | ImageStyle'. Did you mean to write 'paddingHorizontal'?
src/navigation/AppNavigator.tsx(7174,7): error TS2561: Object literal may only specify known properties, but 'pplusingHorizontal' does not exist in type 'ViewStyle | TextStyle | ImageStyle'. Did you mean to write 'paddingHorizontal'?
src/navigation/AppNavigator.tsx(7216,5): error TS2353: Object literal may only specify known properties, and 'pplusingRight' does not exist in type 'ViewStyle | TextStyle | ImageStyle'.
src/navigation/AppNavigator.tsx(7247,5): error TS2353: Object literal may only specify known properties, and 'pplusing' does not exist in type 'ViewStyle | TextStyle | ImageStyle'.
src/navigation/AppNavigator.tsx(7257,5): error TS2561: Object literal may only specify known properties, but 'pplusingHorizontal' does not exist in type 'ViewStyle | TextStyle | ImageStyle'. Did you mean to write 'paddingHorizontal'?
src/navigation/AppNavigator.tsx(7302,5): error TS2561: Object literal may only specify known properties, but 'pplusingHorizontal' does not exist in type 'ViewStyle | TextStyle | ImageStyle'. Did you mean to write 'paddingHorizontal'?
src/navigation/AppNavigator.tsx(7319,5): error TS2561: Object literal may only specify known properties, but 'pplusingHorizontal' does not exist in type 'ViewStyle | TextStyle | ImageStyle'. Did you mean to write 'paddingHorizontal'?
src/navigation/AppNavigator.tsx(7332,5): error TS2353: Object literal may only specify known properties, and 'pplusingVertical' does not exist in type 'ViewStyle | TextStyle | ImageStyle'.
src/navigation/AppNavigator.tsx(7347,5): error TS2561: Object literal may only specify known properties, but 'pplusingHorizontal' does not exist in type 'ViewStyle | TextStyle | ImageStyle'. Did you mean to write 'paddingHorizontal'?
src/navigation/AppNavigator.tsx(7395,5): error TS2353: Object literal may only specify known properties, and 'pplusingRight' does not exist in type 'ViewStyle | TextStyle | ImageStyle'.
src/navigation/AppNavigator.tsx(7451,5): error TS2353: Object literal may only specify known properties, and 'pplusingTop' does not exist in type 'ViewStyle | TextStyle | ImageStyle'.
src/navigation/AppNavigator.tsx(7459,5): error TS2561: Object literal may only specify known properties, but 'pplusingHorizontal' does not exist in type 'ViewStyle | TextStyle | ImageStyle'. Did you mean to write 'paddingHorizontal'?
src/navigation/AppNavigator.tsx(7484,7): error TS2561: Object literal may only specify known properties, but 'pplusingHorizontal' does not exist in type 'ViewStyle | TextStyle | ImageStyle'. Did you mean to write 'paddingHorizontal'?
src/navigation/AppNavigator.tsx(7533,7): error TS2561: Object literal may only specify known properties, but 'pplusingHorizontal' does not exist in type 'ViewStyle | TextStyle | ImageStyle'. Did you mean to write 'paddingHorizontal'?
src/navigation/AppNavigator.tsx(7539,5): error TS2561: Object literal may only specify known properties, but 'pplusingHorizontal' does not exist in type 'ViewStyle | TextStyle | ImageStyle'. Did you mean to write 'paddingHorizontal'?
src/navigation/AppNavigator.tsx(7557,5): error TS2561: Object literal may only specify known properties, but 'pplusingHorizontal' does not exist in type 'ViewStyle | TextStyle | ImageStyle'. Did you mean to write 'paddingHorizontal'?
src/navigation/AppNavigator.tsx(7587,7): error TS2561: Object literal may only specify known properties, but 'pplusingHorizontal' does not exist in type 'ViewStyle | TextStyle | ImageStyle'. Did you mean to write 'paddingHorizontal'?
src/navigation/AppNavigator.tsx(7603,7): error TS2561: Object literal may only specify known properties, but 'pplusingHorizontal' does not exist in type 'ViewStyle | TextStyle | ImageStyle'. Did you mean to write 'paddingHorizontal'?
src/navigation/AppNavigator.tsx(7647,7): error TS2561: Object literal may only specify known properties, but 'pplusingHorizontal' does not exist in type 'ViewStyle | TextStyle | ImageStyle'. Did you mean to write 'paddingHorizontal'?
src/navigation/AppNavigator.tsx(7697,5): error TS2353: Object literal may only specify known properties, and 'pplusingRight' does not exist in type 'ViewStyle | TextStyle | ImageStyle'.
src/navigation/AppNavigator.tsx(7703,5): error TS2561: Object literal may only specify known properties, but 'pplusingHorizontal' does not exist in type 'ViewStyle | TextStyle | ImageStyle'. Did you mean to write 'paddingHorizontal'?
src/navigation/AppNavigator.tsx(7753,5): error TS2561: Object literal may only specify known properties, but 'pplusingHorizontal' does not exist in type 'ViewStyle | TextStyle | ImageStyle'. Did you mean to write 'paddingHorizontal'?
src/navigation/AppNavigator.tsx(7786,5): error TS2561: Object literal may only specify known properties, but 'pplusingHorizontal' does not exist in type 'ViewStyle | TextStyle | ImageStyle'. Did you mean to write 'paddingHorizontal'?
src/navigation/AppNavigator.tsx(7801,5): error TS2561: Object literal may only specify known properties, but 'pplusingHorizontal' does not exist in type 'ViewStyle | TextStyle | ImageStyle'. Did you mean to write 'paddingHorizontal'?
src/navigation/AppNavigator.tsx(7847,5): error TS2353: Object literal may only specify known properties, and 'pplusing' does not exist in type 'ViewStyle | TextStyle | ImageStyle'.
src/navigation/AppNavigator.tsx(7870,5): error TS2561: Object literal may only specify known properties, but 'pplusingHorizontal' does not exist in type 'ViewStyle | TextStyle | ImageStyle'. Did you mean to write 'paddingHorizontal'?
src/navigation/AppNavigator.tsx(7900,5): error TS2561: Object literal may only specify known properties, but 'pplusingHorizontal' does not exist in type 'ViewStyle | TextStyle | ImageStyle'. Did you mean to write 'paddingHorizontal'?
src/navigation/AppNavigator.tsx(7923,5): error TS2561: Object literal may only specify known properties, but 'pplusingHorizontal' does not exist in type 'ViewStyle | TextStyle | ImageStyle'. Did you mean to write 'paddingHorizontal'?
src/navigation/AppNavigator.tsx(7976,5): error TS2561: Object literal may only specify known properties, but 'pplusingHorizontal' does not exist in type 'ViewStyle | TextStyle | ImageStyle'. Did you mean to write 'paddingHorizontal'?
src/navigation/AppNavigator.tsx(7996,5): error TS2561: Object literal may only specify known properties, but 'pplusingHorizontal' does not exist in type 'ViewStyle | TextStyle | ImageStyle'. Did you mean to write 'paddingHorizontal'?
src/navigation/AppNavigator.tsx(8031,5): error TS2561: Object literal may only specify known properties, but 'pplusingHorizontal' does not exist in type 'ViewStyle | TextStyle | ImageStyle'. Did you mean to write 'paddingHorizontal'?
src/navigation/AppNavigator.tsx(8045,5): error TS2561: Object literal may only specify known properties, but 'pplusingHorizontal' does not exist in type 'ViewStyle | TextStyle | ImageStyle'. Did you mean to write 'paddingHorizontal'?
src/navigation/AppNavigator.tsx(8055,5): error TS2353: Object literal may only specify known properties, and 'pplusingVertical' does not exist in type 'ViewStyle | TextStyle | ImageStyle'.
src/navigation/AppNavigator.tsx(8067,5): error TS2353: Object literal may only specify known properties, and 'pplusingRight' does not exist in type 'ViewStyle | TextStyle | ImageStyle'.
src/navigation/AppNavigator.tsx(8070,5): error TS2561: Object literal may only specify known properties, but 'pplusingHorizontal' does not exist in type 'ViewStyle | TextStyle | ImageStyle'. Did you mean to write 'paddingHorizontal'?
src/navigation/AppNavigator.tsx(8094,5): error TS2353: Object literal may only specify known properties, and 'pplusingRight' does not exist in type 'ViewStyle | TextStyle | ImageStyle'.
src/navigation/AppNavigator.tsx(8097,5): error TS2561: Object literal may only specify known properties, but 'pplusingHorizontal' does not exist in type 'ViewStyle | TextStyle | ImageStyle'. Did you mean to write 'paddingHorizontal'?
src/navigation/AppNavigator.tsx(8118,5): error TS2561: Object literal may only specify known properties, but 'pplusingHorizontal' does not exist in type 'ViewStyle | TextStyle | ImageStyle'. Did you mean to write 'paddingHorizontal'?
src/navigation/AppNavigator.tsx(8134,5): error TS2561: Object literal may only specify known properties, but 'pplusingHorizontal' does not exist in type 'ViewStyle | TextStyle | ImageStyle'. Did you mean to write 'paddingHorizontal'?
src/navigation/AppNavigator.tsx(8156,5): error TS2561: Object literal may only specify known properties, but 'pplusingHorizontal' does not exist in type 'ViewStyle | TextStyle | ImageStyle'. Did you mean to write 'paddingHorizontal'?
src/navigation/AppNavigator.tsx(8168,5): error TS2353: Object literal may only specify known properties, and 'pplusing' does not exist in type 'ViewStyle | TextStyle | ImageStyle'.
src/navigation/AppNavigator.tsx(8208,5): error TS2353: Object literal may only specify known properties, and 'pplusing' does not exist in type 'ViewStyle | TextStyle | ImageStyle'.
src/navigation/AppNavigator.tsx(8238,5): error TS2561: Object literal may only specify known properties, but 'pplusingHorizontal' does not exist in type 'ViewStyle | TextStyle | ImageStyle'. Did you mean to write 'paddingHorizontal'?
src/navigation/AppNavigator.tsx(8266,5): error TS2353: Object literal may only specify known properties, and 'pplusingVertical' does not exist in type 'ViewStyle | TextStyle | ImageStyle'.
src/navigation/AppNavigator.tsx(8293,5): error TS2353: Object literal may only specify known properties, and 'pplusing' does not exist in type 'ViewStyle | TextStyle | ImageStyle'.
src/navigation/AppNavigator.tsx(8310,5): error TS2353: Object literal may only specify known properties, and 'pplusing' does not exist in type 'ViewStyle | TextStyle | ImageStyle'.
src/navigation/AppNavigator.tsx(8320,5): error TS2561: Object literal may only specify known properties, but 'pplusingHorizontal' does not exist in type 'ViewStyle | TextStyle | ImageStyle'. Did you mean to write 'paddingHorizontal'?
src/navigation/AppNavigator.tsx(8359,5): error TS2353: Object literal may only specify known properties, and 'pplusing' does not exist in type 'ViewStyle | TextStyle | ImageStyle'.
src/navigation/AppNavigator.tsx(8378,5): error TS2353: Object literal may only specify known properties, and 'pplusing' does not exist in type 'ViewStyle | TextStyle | ImageStyle'.
src/navigation/AppNavigator.tsx(8382,5): error TS2353: Object literal may only specify known properties, and 'pplusing' does not exist in type 'ViewStyle | TextStyle | ImageStyle'.
src/navigation/AppNavigator.tsx(8427,5): error TS2561: Object literal may only specify known properties, but 'pplusingHorizontal' does not exist in type 'ViewStyle | TextStyle | ImageStyle'. Did you mean to write 'paddingHorizontal'?
src/navigation/AppNavigator.tsx(8444,5): error TS2561: Object literal may only specify known properties, but 'pplusingHorizontal' does not exist in type 'ViewStyle | TextStyle | ImageStyle'. Did you mean to write 'paddingHorizontal'?
src/navigation/AppNavigator.tsx(8477,5): error TS2353: Object literal may only specify known properties, and 'pplusing' does not exist in type 'ViewStyle | TextStyle | ImageStyle'.
src/navigation/AppNavigator.tsx(8516,5): error TS2561: Object literal may only specify known properties, but 'pplusingHorizontal' does not exist in type 'ViewStyle | TextStyle | ImageStyle'. Did you mean to write 'paddingHorizontal'?
src/navigation/AppNavigator.tsx(8526,5): error TS2561: Object literal may only specify known properties, but 'pplusingHorizontal' does not exist in type 'ViewStyle | TextStyle | ImageStyle'. Did you mean to write 'paddingHorizontal'?
src/navigation/AppNavigator.tsx(8558,5): error TS2561: Object literal may only specify known properties, but 'pplusingHorizontal' does not exist in type 'ViewStyle | TextStyle | ImageStyle'. Did you mean to write 'paddingHorizontal'?
src/navigation/AppNavigator.tsx(8570,5): error TS2353: Object literal may only specify known properties, and 'pplusingBottom' does not exist in type 'ViewStyle | TextStyle | ImageStyle'.
src/navigation/AppNavigator.tsx(8578,5): error TS2561: Object literal may only specify known properties, but 'pplusingHorizontal' does not exist in type 'ViewStyle | TextStyle | ImageStyle'. Did you mean to write 'paddingHorizontal'?
src/navigation/AppNavigator.tsx(8609,5): error TS2561: Object literal may only specify known properties, but 'pplusingHorizontal' does not exist in type 'ViewStyle | TextStyle | ImageStyle'. Did you mean to write 'paddingHorizontal'?
src/navigation/AppNavigator.tsx(8636,5): error TS2353: Object literal may only specify known properties, and 'pplusingVertical' does not exist in type 'ViewStyle | TextStyle | ImageStyle'.
src/navigation/AppNavigator.tsx(8658,5): error TS2353: Object literal may only specify known properties, and 'pplusingVertical' does not exist in type 'ViewStyle | TextStyle | ImageStyle'.
src/navigation/AppNavigator.tsx(8696,5): error TS2561: Object literal may only specify known properties, but 'pplusingHorizontal' does not exist in type 'ViewStyle | TextStyle | ImageStyle'. Did you mean to write 'paddingHorizontal'?
src/navigation/AppNavigator.tsx(8712,5): error TS2353: Object literal may only specify known properties, and 'pplusing' does not exist in type 'ViewStyle | TextStyle | ImageStyle'.
src/navigation/AppNavigator.tsx(8736,5): error TS2353: Object literal may only specify known properties, and 'pplusing' does not exist in type 'ViewStyle | TextStyle | ImageStyle'.
src/navigation/AppNavigator.tsx(8761,5): error TS2353: Object literal may only specify known properties, and 'pplusing' does not exist in type 'ViewStyle | TextStyle | ImageStyle'.
src/navigation/AppNavigator.tsx(8786,5): error TS2353: Object literal may only specify known properties, and 'pplusing' does not exist in type 'ViewStyle | TextStyle | ImageStyle'.
src/navigation/AppNavigator.tsx(8827,5): error TS2561: Object literal may only specify known properties, but 'pplusingHorizontal' does not exist in type 'ViewStyle | TextStyle | ImageStyle'. Did you mean to write 'paddingHorizontal'?
src/navigation/AppNavigator.tsx(8859,5): error TS2353: Object literal may only specify known properties, and 'pplusing' does not exist in type 'ViewStyle | TextStyle | ImageStyle'.
src/navigation/AppNavigator.tsx(8911,5): error TS2561: Object literal may only specify known properties, but 'pplusingHorizontal' does not exist in type 'ViewStyle | TextStyle | ImageStyle'. Did you mean to write 'paddingHorizontal'?
src/navigation/AppNavigator.tsx(8939,5): error TS2353: Object literal may only specify known properties, and 'pplusing' does not exist in type 'ViewStyle | TextStyle | ImageStyle'.
src/navigation/AppNavigator.tsx(8978,5): error TS2561: Object literal may only specify known properties, but 'pplusingHorizontal' does not exist in type 'ViewStyle | TextStyle | ImageStyle'. Did you mean to write 'paddingHorizontal'?
src/navigation/AppNavigator.tsx(9017,5): error TS2353: Object literal may only specify known properties, and 'pplusing' does not exist in type 'ViewStyle | TextStyle | ImageStyle'.
src/navigation/AppNavigator.tsx(9101,5): error TS2561: Object literal may only specify known properties, but 'pplusingHorizontal' does not exist in type 'ViewStyle | TextStyle | ImageStyle'. Did you mean to write 'paddingHorizontal'?
src/navigation/AppNavigator.tsx(9135,5): error TS2561: Object literal may only specify known properties, but 'pplusingHorizontal' does not exist in type 'ViewStyle | TextStyle | ImageStyle'. Did you mean to write 'paddingHorizontal'?
src/navigation/AppNavigator.tsx(9151,5): error TS2561: Object literal may only specify known properties, but 'pplusingHorizontal' does not exist in type 'ViewStyle | TextStyle | ImageStyle'. Did you mean to write 'paddingHorizontal'?
src/navigation/AppNavigator.tsx(9187,5): error TS2353: Object literal may only specify known properties, and 'pplusing' does not exist in type 'ViewStyle | TextStyle | ImageStyle'.
src/navigation/AppNavigator.tsx(9206,5): error TS2561: Object literal may only specify known properties, but 'pplusingHorizontal' does not exist in type 'ViewStyle | TextStyle | ImageStyle'. Did you mean to write 'paddingHorizontal'?
src/navigation/AppNavigator.tsx(9231,5): error TS2561: Object literal may only specify known properties, but 'pplusingHorizontal' does not exist in type 'ViewStyle | TextStyle | ImageStyle'. Did you mean to write 'paddingHorizontal'?
src/navigation/AppNavigator.tsx(9243,5): error TS2561: Object literal may only specify known properties, but 'pplusingHorizontal' does not exist in type 'ViewStyle | TextStyle | ImageStyle'. Did you mean to write 'paddingHorizontal'?
src/navigation/AppNavigator.tsx(9265,5): error TS2353: Object literal may only specify known properties, and 'pplusing' does not exist in type 'ViewStyle | TextStyle | ImageStyle'.
src/navigation/AppNavigator.tsx(9286,5): error TS2561: Object literal may only specify known properties, but 'pplusingHorizontal' does not exist in type 'ViewStyle | TextStyle | ImageStyle'. Did you mean to write 'paddingHorizontal'?
src/navigation/AppNavigator.tsx(9336,5): error TS2353: Object literal may only specify known properties, and 'pplusing' does not exist in type 'ViewStyle | TextStyle | ImageStyle'.
src/navigation/AppNavigator.tsx(9343,5): error TS2353: Object literal may only specify known properties, and 'pplusing' does not exist in type 'ViewStyle | TextStyle | ImageStyle'.
src/navigation/AppNavigator.tsx(9384,5): error TS2561: Object literal may only specify known properties, but 'pplusingHorizontal' does not exist in type 'ViewStyle | TextStyle | ImageStyle'. Did you mean to write 'paddingHorizontal'?
src/navigation/AppNavigator.tsx(9408,5): error TS2561: Object literal may only specify known properties, but 'pplusingHorizontal' does not exist in type 'ViewStyle | TextStyle | ImageStyle'. Did you mean to write 'paddingHorizontal'?
src/navigation/AppNavigator.tsx(9432,5): error TS2353: Object literal may only specify known properties, and 'pplusing' does not exist in type 'ViewStyle | TextStyle | ImageStyle'.
src/navigation/AppNavigator.tsx(9451,5): error TS2353: Object literal may only specify known properties, and 'pplusing' does not exist in type 'ViewStyle | TextStyle | ImageStyle'.
src/navigation/AppNavigator.tsx(9466,5): error TS2353: Object literal may only specify known properties, and 'pplusing' does not exist in type 'ViewStyle | TextStyle | ImageStyle'.
src/navigation/AppNavigator.tsx(9529,5): error TS2561: Object literal may only specify known properties, but 'pplusingHorizontal' does not exist in type 'ViewStyle | TextStyle | ImageStyle'. Did you mean to write 'paddingHorizontal'?
src/navigation/AppNavigator.tsx(9534,5): error TS2561: Object literal may only specify known properties, but 'pplusingHorizontal' does not exist in type 'ViewStyle | TextStyle | ImageStyle'. Did you mean to write 'paddingHorizontal'?
src/navigation/AppNavigator.tsx(9545,5): error TS2561: Object literal may only specify known properties, but 'pplusingHorizontal' does not exist in type 'ViewStyle | TextStyle | ImageStyle'. Did you mean to write 'paddingHorizontal'?
src/navigation/AppNavigator.tsx(9552,5): error TS2561: Object literal may only specify known properties, but 'pplusingHorizontal' does not exist in type 'ViewStyle | TextStyle | ImageStyle'. Did you mean to write 'paddingHorizontal'?
src/navigation/AppNavigator.tsx(9567,5): error TS2561: Object literal may only specify known properties, but 'pplusingHorizontal' does not exist in type 'ViewStyle | TextStyle | ImageStyle'. Did you mean to write 'paddingHorizontal'?
src/navigation/AppNavigator.tsx(9595,5): error TS2561: Object literal may only specify known properties, but 'pplusingHorizontal' does not exist in type 'ViewStyle | TextStyle | ImageStyle'. Did you mean to write 'paddingHorizontal'?
src/navigation/AppNavigator.tsx(9599,5): error TS2561: Object literal may only specify known properties, but 'pplusingHorizontal' does not exist in type 'ViewStyle | TextStyle | ImageStyle'. Did you mean to write 'paddingHorizontal'?
src/navigation/AppNavigator.tsx(9625,5): error TS2353: Object literal may only specify known properties, and 'pplusingTop' does not exist in type 'ViewStyle | TextStyle | ImageStyle'.
src/navigation/AppNavigator.tsx(9631,5): error TS2561: Object literal may only specify known properties, but 'pplusingHorizontal' does not exist in type 'ViewStyle | TextStyle | ImageStyle'. Did you mean to write 'paddingHorizontal'?
src/navigation/AppNavigator.tsx(9655,5): error TS2561: Object literal may only specify known properties, but 'pplusingHorizontal' does not exist in type 'ViewStyle | TextStyle | ImageStyle'. Did you mean to write 'paddingHorizontal'?
src/navigation/AppNavigator.tsx(9668,5): error TS2561: Object literal may only specify known properties, but 'pplusingHorizontal' does not exist in type 'ViewStyle | TextStyle | ImageStyle'. Did you mean to write 'paddingHorizontal'?
src/navigation/AppNavigator.tsx(9683,5): error TS2353: Object literal may only specify known properties, and 'pplusing' does not exist in type 'ViewStyle | TextStyle | ImageStyle'.
src/navigation/AppNavigator.tsx(9713,5): error TS2561: Object literal may only specify known properties, but 'pplusingHorizontal' does not exist in type 'ViewStyle | TextStyle | ImageStyle'. Did you mean to write 'paddingHorizontal'?
src/navigation/AppNavigator.tsx(9759,5): error TS2561: Object literal may only specify known properties, but 'pplusingHorizontal' does not exist in type 'ViewStyle | TextStyle | ImageStyle'. Did you mean to write 'paddingHorizontal'?
src/navigation/AppNavigator.tsx(9791,5): error TS2353: Object literal may only specify known properties, and 'pplusing' does not exist in type 'ViewStyle | TextStyle | ImageStyle'.
src/navigation/AppNavigator.tsx(9797,5): error TS2561: Object literal may only specify known properties, but 'pplusingHorizontal' does not exist in type 'ViewStyle | TextStyle | ImageStyle'. Did you mean to write 'paddingHorizontal'?
src/navigation/AppNavigator.tsx(9814,5): error TS2353: Object literal may only specify known properties, and 'pplusing' does not exist in type 'ViewStyle | TextStyle | ImageStyle'.
src/navigation/AppNavigator.tsx(9821,5): error TS2353: Object literal may only specify known properties, and 'pplusingVertical' does not exist in type 'ViewStyle | TextStyle | ImageStyle'.
src/navigation/AppNavigator.tsx(9839,5): error TS2353: Object literal may only specify known properties, and 'pplusing' does not exist in type 'ViewStyle | TextStyle | ImageStyle'.
src/navigation/AppNavigator.tsx(9863,5): error TS2353: Object literal may only specify known properties, and 'pplusing' does not exist in type 'ViewStyle | TextStyle | ImageStyle'.
src/navigation/AppNavigator.tsx(9899,5): error TS2561: Object literal may only specify known properties, but 'pplusingHorizontal' does not exist in type 'ViewStyle | TextStyle | ImageStyle'. Did you mean to write 'paddingHorizontal'?
src/navigation/AppNavigator.tsx(9920,5): error TS2353: Object literal may only specify known properties, and 'pplusing' does not exist in type 'ViewStyle | TextStyle | ImageStyle'.
src/navigation/AppNavigator.tsx(9953,5): error TS2561: Object literal may only specify known properties, but 'pplusingHorizontal' does not exist in type 'ViewStyle | TextStyle | ImageStyle'. Did you mean to write 'paddingHorizontal'?
src/navigation/AppNavigator.tsx(9962,5): error TS2561: Object literal may only specify known properties, but 'pplusingHorizontal' does not exist in type 'ViewStyle | TextStyle | ImageStyle'. Did you mean to write 'paddingHorizontal'?
src/navigation/AppNavigator.tsx(9995,5): error TS2561: Object literal may only specify known properties, but 'pplusingHorizontal' does not exist in type 'ViewStyle | TextStyle | ImageStyle'. Did you mean to write 'paddingHorizontal'?
src/navigation/AppNavigator.tsx(10066,5): error TS2561: Object literal may only specify known properties, but 'pplusingHorizontal' does not exist in type 'ViewStyle | TextStyle | ImageStyle'. Did you mean to write 'paddingHorizontal'?
src/navigation/AppNavigator.tsx(10087,5): error TS2353: Object literal may only specify known properties, and 'pplusingVertical' does not exist in type 'ViewStyle | TextStyle | ImageStyle'.
src/navigation/AppNavigator.tsx(10138,5): error TS2561: Object literal may only specify known properties, but 'pplusingHorizontal' does not exist in type 'ViewStyle | TextStyle | ImageStyle'. Did you mean to write 'paddingHorizontal'?
src/navigation/AppNavigator.tsx(10153,5): error TS2353: Object literal may only specify known properties, and 'pplusing' does not exist in type 'ViewStyle | TextStyle | ImageStyle'.
src/navigation/AppNavigator.tsx(10171,5): error TS2353: Object literal may only specify known properties, and 'pplusing' does not exist in type 'ViewStyle | TextStyle | ImageStyle'.
src/navigation/AppNavigator.tsx(10185,5): error TS2561: Object literal may only specify known properties, but 'pplusingHorizontal' does not exist in type 'ViewStyle | TextStyle | ImageStyle'. Did you mean to write 'paddingHorizontal'?
src/navigation/AppNavigator.tsx(10240,5): error TS2353: Object literal may only specify known properties, and 'pplusing' does not exist in type 'ViewStyle | TextStyle | ImageStyle'.
src/navigation/AppNavigator.tsx(10258,5): error TS2561: Object literal may only specify known properties, but 'pplusingHorizontal' does not exist in type 'ViewStyle | TextStyle | ImageStyle'. Did you mean to write 'paddingHorizontal'?
src/navigation/AppNavigator.tsx(10270,5): error TS2353: Object literal may only specify known properties, and 'pplusing' does not exist in type 'ViewStyle | TextStyle | ImageStyle'.
src/navigation/AppNavigator.tsx(10336,5): error TS2353: Object literal may only specify known properties, and 'pplusing' does not exist in type 'ViewStyle | TextStyle | ImageStyle'.
src/navigation/AppNavigator.tsx(10363,5): error TS2561: Object literal may only specify known properties, but 'pplusingHorizontal' does not exist in type 'ViewStyle | TextStyle | ImageStyle'. Did you mean to write 'paddingHorizontal'?
src/navigation/AppNavigator.tsx(10382,5): error TS2561: Object literal may only specify known properties, but 'pplusingHorizontal' does not exist in type 'ViewStyle | TextStyle | ImageStyle'. Did you mean to write 'paddingHorizontal'?
src/navigation/AppNavigator.tsx(10414,5): error TS2561: Object literal may only specify known properties, but 'pplusingHorizontal' does not exist in type 'ViewStyle | TextStyle | ImageStyle'. Did you mean to write 'paddingHorizontal'?
src/navigation/AppNavigator.tsx(10438,5): error TS2561: Object literal may only specify known properties, but 'pplusingHorizontal' does not exist in type 'ViewStyle | TextStyle | ImageStyle'. Did you mean to write 'paddingHorizontal'?
src/navigation/AppNavigator.tsx(10459,5): error TS2561: Object literal may only specify known properties, but 'pplusingHorizontal' does not exist in type 'ViewStyle | TextStyle | ImageStyle'. Did you mean to write 'paddingHorizontal'?
src/navigation/AppNavigator.tsx(10478,5): error TS2561: Object literal may only specify known properties, but 'pplusingHorizontal' does not exist in type 'ViewStyle | TextStyle | ImageStyle'. Did you mean to write 'paddingHorizontal'?
src/navigation/AppNavigator.tsx(10556,5): error TS2353: Object literal may only specify known properties, and 'pplusing' does not exist in type 'ViewStyle | TextStyle | ImageStyle'.
src/navigation/AppNavigator.tsx(10582,5): error TS2353: Object literal may only specify known properties, and 'pplusing' does not exist in type 'ViewStyle | TextStyle | ImageStyle'.
src/navigation/AppNavigator.tsx(10604,7): error TS2353: Object literal may only specify known properties, and 'pplusing' does not exist in type 'ViewStyle | TextStyle | ImageStyle'.
